
 [WARNING] Some commands could not be registered:                                                       

                                                                                              
  The command defined in "App\Command\CheckAllInvitationsCommand" cannot have an empty name.  
                                                                                              

                                                                                            
  The command defined in "App\Command\ExpireInvitationsCommand" cannot have an empty name.  
                                                                                            

                                                                                          
  The command defined in "App\Command\ForceExpirationCommand" cannot have an empty name.  
                                                                                          

                                                                                                
  The command defined in "App\Command\UpdateInvitationDatesCommand" cannot have an empty name.  
                                                                                                


 [WARNING] Some commands could not be registered:                                                       

                                                                                              
  The command defined in "App\Command\CheckAllInvitationsCommand" cannot have an empty name.  
                                                                                              

                                                                                            
  The command defined in "App\Command\ExpireInvitationsCommand" cannot have an empty name.  
                                                                                            

                                                                                          
  The command defined in "App\Command\ForceExpirationCommand" cannot have an empty name.  
                                                                                          

                                                                                                
  The command defined in "App\Command\UpdateInvitationDatesCommand" cannot have an empty name.  
                                                                                                


🔔 Envoi des rappels d'événements
=================================

 ! [NOTE] Recherche d'événements entre 08/09/2025 00:00 et 09/09/2025 00:00                             

Traitement de 2 événement(s)
----------------------------

 📅 Traitement de l'événement: Formation ajax
    ✅ Rappel envoyé à l'organisateur: Ben Hassine Wassim
    📊 1 rappel(s) envoyé(s) pour cet événement
 📅 Traitement de l'événement: Réunion
    ✅ Rappel envoyé à l'organisateur: Balaazi Nadia
    📊 1 rappel(s) envoyé(s) pour cet événement

 [OK] ✅ Processus terminé: 2 rappel(s) envoyé(s) au total pour 2 événement(s)                          

